340 entries
[  1/340] TI abs-overview
[  2/340] TI abs-great-temple-facade
[  3/340] TI abs-sanctuary-sun
[  4/340] T- abs-marriage-stela  !! no image found; tried: Karnak_Ägyptisch-Hethitischer_Friedensvertrag_06.jpg
[  5/340] TI abs-great-temple-hall
[  6/340] T- abs-lake-nasser  !! no image found; tried: Lake_Nasser_Vista.jpg
[  7/340] T- abs-ramesses-nubia  !! no image found; tried: Rulers_of_Kush,_Kerma_Museum.jpg
[  8/340] T- abs-relocation  !! no image found; tried: International_Campaign_to_Save_the_Monuments_of_Nubia.pdf
[  9/340] -I abs-small-temple  !! no wikipedia page found: Abu Simbel
[ 10/340] -- asw-overview  !! no wikipedia page found: Aswan
[ 11/340] T- asw-elephantine  !! no image found; tried: Aswan,_Elephantine,_west_bank,_Egypt,_Oct_2004.jpg
[ 12/340] T- asw-botanical-garden  !! no image found; tried: Aswan_Botanical_Garden_09.jpg
[ 13/340] -- asw-khnum-temple-elephantine  !! no wikipedia page found: Elephantine
[ 14/340] TI asw-aswan-museum
[ 15/340] TI asw-felucca-first-cataract
[ 16/340] TI asw-elephantine-papyri
[ 17/340] TI asw-philae-overview
[ 18/340] -- asw-nilometer  !! no wikipedia page found: Nilometer
[ 19/340] TI asw-philae-trajan-kiosk
[ 20/340] -- asw-philae-hypostyle-sanctuary  !! no wikipedia page found: Philae
[ 21/340] TI asw-philae-kiosk-nectanebo-colonnades
[ 22/340] TI asw-philae-hathor-temple
[ 23/340] -- asw-philae-hadrian-gate-last-hieroglyphs  !! no wikipedia page found: Philae, Egyptian hieroglyphs
[ 24/340] -I asw-nubian-museum  !! no wikipedia page found: Nubian Museum
[ 25/340] T- asw-nm-prehistory-agroup  !! no image found; tried: 
[ 26/340] TI asw-nm-cgroup-kerma
[ 27/340] -- asw-philae-first-pylon  !! no wikipedia page found: Philae, Mammisi
[ 28/340] -- asw-philae-relocation  !! no wikipedia page found: Agilkia Island, Philae
[ 29/340] T- asw-philae-christian-closing  !! no image found; tried: 1977_bis_1980_wurde_die_Tempel_auf_der_Insel_Philae_auf_die_höher_gelegene_Insel_Agilka_versetzt._01.jpg
[ 30/340] -- asw-nubia-history  !! no wikipedia page found: Nubia, Kingdom of Kush
