340 entries
[  1/340] TI abs-overview
[  2/340] TI abs-great-temple-facade
[  3/340] T- abs-marriage-stela
[  4/340] TI abs-great-temple-hall
[  5/340] TI abs-sanctuary-sun
[  6/340] TI abs-small-temple
[  7/340] T- abs-relocation
[  8/340] T- abs-lake-nasser
[  9/340] T- abs-ramesses-nubia
[ 10/340] T- asw-overview
[ 11/340] TI asw-felucca-first-cataract
[ 12/340] T- asw-botanical-garden
[ 13/340] T- asw-elephantine
[ 14/340] T- asw-khnum-temple-elephantine
[ 15/340] T- asw-nilometer
[ 16/340] TI asw-aswan-museum
[ 17/340] TI asw-elephantine-papyri
[ 18/340] TI asw-philae-overview
[ 19/340] TI asw-philae-kiosk-nectanebo-colonnades
[ 20/340] T- asw-philae-first-pylon
[ 21/340] T- asw-philae-hypostyle-sanctuary
[ 22/340] T- asw-philae-hadrian-gate-last-hieroglyphs
[ 23/340] TI asw-philae-trajan-kiosk
[ 24/340] TI asw-philae-hathor-temple
[ 25/340] T- asw-philae-christian-closing
[ 26/340] T- asw-philae-relocation
[ 27/340] TI asw-nubian-museum
[ 28/340] T- asw-nubia-history
[ 29/340] T- asw-nm-prehistory-agroup
[ 30/340] TI asw-nm-cgroup-kerma
[ 31/340] T- asw-nm-new-kingdom
[ 32/340] T- asw-nm-kush-25th
[ 33/340] T- asw-nm-meroe
[ 34/340] T- asw-nm-christian-islamic
[ 35/340] T- asw-nm-ethnography
[ 36/340] T- asw-unfinished-obelisk
[ 37/340] T- asw-granite-quarries
[ 38/340] T- asw-qubbet-el-hawa
[ 39/340] T- asw-harkhuf
[ 40/340] T- asw-aga-khan
[ 41/340] -- asw-st-simeon  !! no wikipedia page found: Monastery of St. Simeon
[ 42/340] T- asw-high-dam
[ 43/340] T- asw-kalabsha
[ 44/340] T- asw-old-cataract-agatha
[ 45/340] T- asw-souq-nubian-village
[ 46/340] T- bg-timeline
[ 47/340] T- bg-old-kingdom
[ 48/340] T- bg-middle-kingdom
[ 49/340] T- bg-new-kingdom
[ 50/340] T- bg-third-intermediate-late
[ 51/340] T- bg-ptolemaic-roman
[ 52/340] T- bg-gods-overview
[ 53/340] T- bg-osiris-myth
[ 54/340] T- bg-amun
[ 55/340] T- bg-ra
[ 56/340] T- bg-osiris
[ 57/340] T- bg-isis
[ 58/340] T- bg-horus-set
[ 59/340] T- bg-anubis-thoth
[ 60/340] T- bg-hathor
[ 61/340] T- bg-ptah-sekhmet
[ 62/340] T- bg-khnum-sobek-local
[ 63/340] T- bg-maat-nut-geb
[ 64/340] T- bg-bes-taweret
[ 65/340] T- bg-aten-amarna
[ 66/340] T- bg-hieroglyphs
[ 67/340] T- bg-cartouche
[ 68/340] T- bg-symbols
[ 69/340] T- bg-eye-of-horus-scarab
[ 70/340] T- bg-crowns-regalia
[ 71/340] T- bg-temple-101
[ 72/340] T- bg-tomb-101
[ 73/340] T- bg-book-of-the-dead
[ 74/340] T- bg-mummification
[ 75/340] T- bg-objects-canopic-ushabti
[ 76/340] T- bg-khufu-khafre-menkaure
[ 77/340] T- bg-hatshepsut
[ 78/340] T- bg-thutmose3-amenhotep3
[ 79/340] T- bg-akhenaten-nefertiti
[ 80/340] T- bg-tutankhamun
[ 81/340] T- bg-seti-ramesses2
[ 82/340] T- bg-ramesses3-sea-peoples
[ 83/340] T- bg-nubian-pharaohs
[ 84/340] T- bg-alexander-ptolemies-cleopatra
[ 85/340] T- bg-queens-and-gods-wives
[ 86/340] T- bg-champollion-rosetta
[ 87/340] T- bg-belzoni-mariette
[ 88/340] T- bg-carter-carnarvon-curse
[ 89/340] T- bg-nile-inundation-calendar
[ 90/340] T- bg-festivals
[ 91/340] T- bg-daily-life
[ 92/340] T- bg-art-conventions
[ 93/340] T- bg-baksheesh-etiquette
[ 94/340] T- bg-greek-egypt-links
[ 95/340] T- isl-overview
[ 96/340] T- isl-dynasties
[ 97/340] T- isl-khan-el-khalili
[ 98/340] T- isl-fishawi
[ 99/340] T- isl-al-azhar
[100/340] T- isl-al-hussein
[101/340] -- isl-muizz-street  !! no wikipedia page found: Al-Muizz Street
[102/340] T- isl-bab-al-futuh
[103/340] T- isl-al-hakim
[104/340] T- isl-bayt-al-suhaymi
[105/340] T- isl-sabil-katkhuda
[106/340] T- isl-al-aqmar
[107/340] T- isl-qalawun
[108/340] T- isl-nasir-muhammad-madrasa
[109/340] -- isl-barquq  !! no wikipedia page found: Madrasa-Khanqah of Sultan al-Zahir Barquq
[110/340] T- isl-al-ghuri
[111/340] T- isl-muayyad
[112/340] T- isl-sultan-hassan
[113/340] T- isl-al-rifai
[114/340] T- isl-citadel
[115/340] T- isl-muhammad-ali-mosque
[116/340] T- isl-nasir-mosque-citadel
[117/340] -- isl-gawhara-palace  !! no wikipedia page found: Gawhara Palace
[118/340] T- isl-joseph-well
[119/340] T- isl-military-museum
[120/340] T- isl-abdeen
[121/340] T- isl-ibn-tulun
[122/340] T- isl-mashrabiya-muqarnas
[123/340] T- gem-overview
[124/340] T- gem-ramesses-colossus
[125/340] T- gem-hanging-obelisk
[126/340] T- gem-grand-staircase
[127/340] T- gem-pyramid-window
[128/340] T- gem-khufu-boat-1
[129/340] T- gem-khufu-boat-2
[130/340] T- gem-tut-gallery
[131/340] T- gem-tut-mask
