295 entries need a photo (of 340)
[1/295] OK  asw-unfinished-obelisk  <- Unfinished obelisk (shared)
[2/295] --  bg-timeline  no usable lead image for ['History of ancient Egypt']
[3/295] --  bg-new-kingdom  no usable lead image for ['New Kingdom of Egypt']
[4/295] --  bg-ptolemaic-roman  no usable lead image for ['Ptolemaic Kingdom', 'Egypt (Roman province)']
[5/295] OK  bg-gods-overview  <- Ancient Egyptian deities (shared)
[6/295] --  bg-amun  no usable lead image for ['Amun']
[7/295] --  bg-ra  no usable lead image for ['Ra']
[8/295] --  bg-hathor  no usable lead image for ['Hathor']
[9/295] OK  bg-hieroglyphs  <- Egyptian hieroglyphs
[10/295] OK  bg-cartouche  <- Cartouche
[11/295] OK  bg-symbols  <- Was-sceptre (shared)
[12/295] --  bg-tomb-101  no usable lead image for ['Ancient Egyptian funerary texts', 'Amduat']
[13/295] OK  bg-tutankhamun  <- Tutankhamun
[14/295] OK  bg-carter-carnarvon-curse  <- Howard Carter (shared)
[15/295] OK  bg-art-conventions  <- Art of ancient Egypt (shared)
[16/295] OK  isl-muizz-street  <- Al-Mu'izz Street (shared)
[17/295] OK  isl-qalawun  <- Qalawun complex (shared)
[18/295] --  gem-overview  no usable lead image for ['Grand Egyptian Museum']
[19/295] OK  gem-ramesses-colossus  <- Statue of Ramesses II (shared)
[20/295] --  gem-grand-staircase  no usable lead image for ['Grand Egyptian Museum']
[21/295] OK  gem-khufu-boat-1  <- Khufu ship (shared)
[22/295] OK  gem-tut-gallery  <- Tomb of Tutankhamun (shared)
[23/295] OK  gem-tut-mask  <- Mask of Tutankhamun (shared)
[24/295] OK  gem-tut-coffins  <- Tutankhamun (shared)
[25/295] --  gem-tut-throne  no usable lead image for ['Golden Throne of Tutankhamun', 'Throne of Tutankhamun']
[26/295] OK  gem-tut-canopic  <- Canopic jar (shared)
[27/295] OK  gem-tut-guardian-statues  <- Tomb of Tutankhamun (shared)
[28/295] OK  gem-tut-anubis-shrine  <- Anubis Shrine (shared)
[29/295] OK  gem-tut-shrines  <- Tomb of Tutankhamun (shared)
[30/295] --  gem-tut-dagger  no usable lead image for ["Tutankhamun's meteoric iron dagger"]
[31/295] OK  gem-tut-jewellery  <- Tutankhamun (shared)
[32/295] OK  mp-narmer-palette  <- Narmer Palette (shared)
[33/295] OK  mp-khafre-statue  <- Khafre Enthroned (shared)
[34/295] OK  mp-khufu-statuette  <- Khufu Statuette (shared)
[35/295] OK  mp-rahotep-nofret  <- Prince Rahotep (shared)
[36/295] OK  mp-akhenaten-colossi  <- Colossal Statues of Akhenaten at East Karnak (shared)
[37/295] OK  mp-amenhotep3-tiye  <- Colossal statue of Amenhotep III and Tiye (shared)
[38/295] OK  mp-psusennes-gold  <- Psusennes I (shared)
[39/295] OK  giza-overview  <- Giza pyramid complex (shared)
[40/295] OK  giza-great-pyramid  <- Great Pyramid of Giza (shared)
[41/295] OK  giza-great-pyramid-interior  <- Great Pyramid of Giza (shared)
[42/295] OK  giza-khafre-pyramid  <- Pyramid of Khafre (shared)
[43/295] OK  giza-khafre-valley-temple  <- Pyramid of Khafre (shared)
[44/295] OK  giza-menkaure-pyramid  <- Pyramid of Menkaure (shared)
[45/295] OK  giza-sphinx  <- Great Sphinx of Giza (shared)
[46/295] OK  giza-workers  <- Giza pyramid complex (shared)
[47/295] OK  giza-how-built  <- Construction of the Egyptian pyramids (shared)
[48/295] OK  le-overview  <- Luxor (shared)
[49/295] OK  le-lt-overview  <- Luxor Temple (shared)
[50/295] OK  le-lt-sphinx-avenue  <- Avenue of Sphinxes (shared)
[51/295] OK  le-lt-pylon-obelisk  <- Luxor Obelisks (shared)
[52/295] OK  le-lt-abu-haggag  <- Abu Haggag Mosque (shared)
[53/295] OK  le-lt-colonnade-opet  <- Opet Festival (shared)
[54/295] OK  le-lt-roman-chapel  <- Luxor Temple (shared)
[55/295] OK  le-lt-alexander-shrine  <- Luxor Temple (shared)
[56/295] OK  le-k-overview  <- Karnak
[57/295] OK  le-k-avenue-rams  <- Karnak (shared)
[58/295] OK  le-k-first-pylon-court  <- Karnak (shared)
[59/295] OK  le-k-hypostyle  <- Great Hypostyle Hall (shared)
[60/295] OK  le-k-obelisks  <- Karnak (shared)
[61/295] OK  le-k-scarab  <- Karnak (shared)
[62/295] OK  le-k-khonsu-temple  <- Temple of Khonsu
[63/295] OK  le-k-ptah-temple-sekhmet  <- Temple of Ptah (Karnak)
[64/295] OK  le-k-open-air-museum  <- Karnak Open Air Museum
[65/295] OK  le-k-white-chapel  <- White Chapel (shared)
[66/295] OK  le-k-red-chapel  <- Chapelle Rouge
[67/295] OK  le-lm-overview  <- Luxor Museum
[68/295] OK  le-lm-amenhotep3-sobek  <- Luxor Museum (shared)
[69/295] OK  le-lm-thutmose3  <- Luxor Museum (shared)
[70/295] OK  le-lm-cachette-hall  <- Luxor Museum (shared)
[71/295] OK  le-lm-talatat-wall  <- Talatat
[72/295] OK  le-opet-festival  <- Opet Festival (shared)
[73/295] OK  lw-overview  <- Theban Necropolis
[74/295] OK  lw-vok-overview  <- Valley of the Kings
[75/295] OK  lw-kv62  <- Tomb of Tutankhamun (shared)
[76/295] OK  lw-kv9  <- KV9
[77/295] OK  lw-kv17  <- Tomb of Seti I
      429 on en.wikipedia.org, waiting 20s
[78/295] OK  lw-deir-el-bahari-overview  <- Deir el-Bahari
[79/295] OK  lw-hatshepsut-temple  <- Mortuary temple of Hatshepsut
[80/295] OK  lw-hatshepsut-punt  <- Mortuary temple of Hatshepsut (shared)
[81/295] OK  lw-hatshepsut-divine-birth  <- Mortuary temple of Hatshepsut (shared)
[82/295] OK  lw-db320-royal-cache  <- Royal Cache
[83/295] OK  lw-deir-el-medina  <- Deir el-Medina
[84/295] OK  lw-tt1-sennedjem  <- TT1
[85/295] OK  lw-dem-strike-ostraca  <- Deir el-Medina (shared)
[86/295] OK  lw-voq-overview  <- Valley of the Queens
[87/295] OK  lw-qv66  <- Tomb of Nefertari
[88/295] OK  lw-colossi-memnon  <- Colossi of Memnon
[89/295] OK  lw-medinet-habu-overview  <- Medinet Habu
      429 on en.wikipedia.org, waiting 40s
[90/295] OK  lw-mh-sea-peoples  <- Sea Peoples
[91/295] OK  lw-mh-courts  <- Medinet Habu (shared)
[92/295] OK  lw-mh-harem-conspiracy  <- Harem conspiracy
[93/295] OK  nr-overview  <- Egyptian temple (shared)
[94/295] OK  nr-ptolemaic-temple-101  <- Egyptian temple (shared)
[95/295] OK  nr-kom-ombo-overview  <- Temple of Kom Ombo
[96/295] OK  nr-kom-ombo-surgical  <- Temple of Kom Ombo (shared)
[97/295] OK  nr-edfu-overview  <- Temple of Edfu
[98/295] OK  nr-edfu-pylon-court  <- Temple of Edfu (shared)
[99/295] OK  nr-edfu-hypostyle-sanctuary  <- Temple of Edfu (shared)
[100/295] OK  nr-edfu-horus-seth-drama  <- Temple of Edfu (shared)
[101/295] OK  nr-esna-overview  <- Temple of Esna
[102/295] OK  nr-esna-ceiling  <- Temple of Esna (shared)
[103/295] OK  siwa-overview  <- Siwa Oasis
[104/295] OK  siwa-great-sand-sea  <- Great Sand Sea
[105/295] OK  siwa-lost-army  <- Lost Army of Cambyses
[106/295] OK  siwa-oracle-temple  <- Siwa Oasis (shared)
[107/295] OK  siwa-alexander  <- Alexander the Great
[108/295] OK  siwa-gebel-mawta  <- Siwa Oasis (shared)
[109/295] OK  siwa-tomb-si-amun  <- Siwa Oasis (shared)
[110/295] OK  siwa-shali  <- Siwa Oasis (shared)
[111/295] OK  siwa-siwi-culture  <- Siwa Oasis (shared)
[112/295] OK  abs-marriage-stela  <- Egyptian–Hittite peace treaty
[113/295] OK  abs-lake-nasser  <- Lake Nasser
[114/295] OK  abs-ramesses-nubia  <- Nubia (shared)
[115/295] OK  asw-botanical-garden  <- El Nabatat Island
[116/295] OK  asw-elephantine  <- Elephantine
[117/295] OK  asw-nilometer  <- Nilometer
[118/295] OK  asw-philae-christian-closing  <- Philae temple complex (shared)
[119/295] OK  asw-philae-relocation  <- Agilkia Island
[120/295] --  asw-nm-prehistory-agroup  no usable lead image for ['A-Group culture', 'Prehistoric Egypt']
[121/295] OK  asw-nm-new-kingdom  <- Nubia (shared)
[122/295] OK  asw-nm-meroe  <- Meroë
[123/295] --  asw-nm-christian-islamic  no usable lead image for ['Makuria', 'Faras', 'Nobatia']
[124/295] OK  asw-nm-ethnography  <- Nubians
[125/295] OK  asw-granite-quarries  <- Aswan (shared)
[126/295] OK  asw-qubbet-el-hawa  <- Qubbet el-Hawa
[127/295] OK  asw-harkhuf  <- Autobiography of Harkhuf
[128/295] OK  asw-aga-khan  <- Mausoleum of Aga Khan
[129/295] OK  asw-high-dam  <- Aswan High Dam
[130/295] OK  asw-souq-nubian-village  <- Aswan (shared)
[131/295] --  bg-old-kingdom  no usable lead image for ['Old Kingdom of Egypt']
[132/295] --  bg-middle-kingdom  no usable lead image for ['Middle Kingdom of Egypt']
[133/295] --  bg-third-intermediate-late  no usable lead image for ['Third Intermediate Period of Egypt', 'Late Period of ancient Egypt']
[134/295] --  bg-osiris  no usable lead image for ['Osiris']
[135/295] --  bg-isis  no usable lead image for ['Isis']
[136/295] --  bg-horus-set  no usable lead image for ['Set (deity)', 'Horus']
[137/295] --  bg-anubis-thoth  no usable lead image for ['Anubis', 'Thoth']
[138/295] --  bg-ptah-sekhmet  no usable lead image for ['Ptah', 'Sekhmet']
[139/295] --  bg-maat-nut-geb  no usable lead image for ['Maat', 'Nut (goddess)']
[140/295] --  bg-bes-taweret  no usable lead image for ['Bes', 'Taweret']
[141/295] --  bg-crowns-regalia  no usable lead image for ['Crowns of Egypt', 'Uraeus']
[142/295] OK  bg-objects-canopic-ushabti  <- Canopic jar (shared)
[143/295] OK  bg-ramesses3-sea-peoples  <- Ramesses III
[144/295] OK  bg-nubian-pharaohs  <- Taharqa
[145/295] OK  bg-queens-and-gods-wives  <- God's Wife of Amun
[146/295] OK  bg-belzoni-mariette  <- Giovanni Belzoni
[147/295] OK  bg-festivals  <- Beautiful Festival of the Valley
[148/295] OK  bg-daily-life  <- Ancient Egyptian cuisine
      429 on en.wikipedia.org, waiting 27s
[149/295] OK  bg-greek-egypt-links  <- Herodotus
[150/295] OK  isl-al-hussein  <- Al-Hussein Mosque
[151/295] OK  isl-bab-al-futuh  <- Bab al-Futuh
[152/295] OK  isl-al-hakim  <- Al-Hakim Mosque
[153/295] OK  isl-bayt-al-suhaymi  <- Bayt al-Suhaymi
[154/295] OK  isl-sabil-katkhuda  <- Sabil-Kuttab of Abd al-Rahman Katkhuda
[155/295] OK  isl-al-aqmar  <- Aqmar Mosque
[156/295] OK  isl-nasir-muhammad-madrasa  <- Madrasa of al-Nasir Muhammad
[157/295] OK  isl-barquq  <- Barquq
[158/295] OK  isl-al-ghuri  <- Sultan al-Ghuri Complex
[159/295] OK  isl-muayyad  <- Mosque of Sultan al-Muayyad
[160/295] OK  isl-al-rifai  <- Al-Rifa'i Mosque
[161/295] OK  isl-nasir-mosque-citadel  <- Al-Nasir Muhammad Mosque
[162/295] OK  isl-abdeen  <- Abdeen Palace
[163/295] OK  isl-mashrabiya-muqarnas  <- Mamluk architecture
[164/295] --  gem-hanging-obelisk  no usable lead image for ['Grand Egyptian Museum']
[165/295] --  gem-pyramid-window  no usable lead image for ['Grand Egyptian Museum']
[166/295] OK  gem-khufu-boat-2  <- Khufu ship (shared)
[167/295] OK  gem-tut-chariots  <- Tutankhamun (shared)
[168/295] OK  gem-tut-beds  <- Tomb of Tutankhamun (shared)
[169/295] OK  gem-tut-painted-box  <- Tomb of Tutankhamun (shared)
[170/295] OK  gem-tut-trumpets  <- Tutankhamun's trumpets
[171/295] OK  gem-tut-mannequin  <- Tutankhamun (shared)
[172/295] OK  gem-tut-wishing-cup  <- Tutankhamun (shared)
[173/295] OK  gem-tut-lotus-head  <- Head of Nefertem
[174/295] OK  gem-tut-ushabtis  <- Ushabti
[175/295] OK  gem-tut-statuettes  <- Tutankhamun (shared)
[176/295] OK  gem-tut-little-golden-shrine  <- Tutankhamun (shared)
[177/295] OK  gem-tut-mummy-and-tomb  <- Tomb of Tutankhamun (shared)
[178/295] OK  mp-menkaure-triads  <- Menkaure
[179/295] --  mp-meidum-geese  no usable lead image for ['Meidum Geese']
[180/295] OK  mp-kaaper  <- Kaaper
      429 on en.wikipedia.org, waiting 13s
[181/295] OK  mp-seneb  <- Seneb
[182/295] OK  mp-hetepheres  <- Hetepheres I
[183/295] OK  mp-djoser-statue  <- Djoser
[184/295] OK  mp-mentuhotep-statue  <- Mentuhotep II
[185/295] OK  mp-yuya-tjuyu  <- Yuya
[186/295] OK  mp-merneptah-stele  <- Merneptah Stele
[187/295] OK  mp-fayum-portraits  <- Fayum mummy portraits
[188/295] OK  mp-royal-mummies-note  <- Pharaohs' Golden Parade
[189/295] OK  giza-khufu-queens-pyramids  <- Giza East Field
[190/295] OK  giza-meresankh-tomb  <- Meresankh III
      429 on en.wikipedia.org, waiting 36s
[191/295] OK  giza-western-cemetery  <- Giza West Field
[192/295] OK  giza-hemiunu  <- Hemiunu
[193/295] OK  giza-dream-stele  <- Dream Stele
[194/295] --  giza-diary-of-merer  no usable lead image for ['Diary of Merer']
[195/295] OK  giza-boat-pits  <- Khufu ship (shared)
[196/295] OK  giza-panorama  <- Giza pyramid complex (shared)
[197/295] OK  giza-pyramid-texts-why  <- Egyptian pyramids
[198/295] OK  le-lt-ramesses-court  <- Luxor Temple (shared)
[199/295] OK  le-lt-amenhotep-court  <- Luxor Temple (shared)
[200/295] OK  le-k-ramesses3-temple  <- Karnak (shared)
[201/295] OK  le-k-second-pylon-pinedjem  <- Pinedjem I
[202/295] OK  le-k-kadesh-exterior  <- Great Hypostyle Hall (shared)
[203/295] OK  le-k-fallen-obelisk  <- Karnak (shared)
[204/295] OK  le-k-osiris-heqadjet  <- Karnak (shared)
[205/295] OK  le-k-cachette-court  <- Karnak (shared)
[206/295] --  le-k-mut-precinct  no usable lead image for ['Precinct of Mut', 'Sekhmet']
[207/295] OK  le-lm-tut-cow-head  <- Luxor Museum (shared)
[208/295] OK  le-lm-royal-mummies  <- Ramesses I
[209/295] OK  le-lm-amenhotep-son-of-hapu  <- Amenhotep, son of Hapu
[210/295] --  le-mm-overview  no usable lead image for ['Mummification Museum']
[211/295] OK  le-mm-masaharta  <- Masaharta
      429 on en.wikipedia.org, waiting 35s
[212/295] OK  le-mm-animals  <- Animal mummy
[213/295] OK  le-mm-tools-process  <- Mummy (shared)
[214/295] OK  le-papyrus-real  <- Papyrus
[215/295] OK  lw-kv11  <- KV11
[216/295] OK  lw-kv2  <- KV2
[217/295] OK  lw-kv6  <- KV6
[218/295] OK  lw-kv8  <- KV8
[219/295] OK  lw-kv14  <- KV14
[220/295] OK  lw-kv16  <- KV16
[221/295] OK  lw-kv34  <- KV34
[222/295] OK  lw-kv35  <- Tomb of Amenhotep II
      429 on en.wikipedia.org, waiting 40s
[223/295] OK  lw-kv57  <- KV57
[224/295] OK  lw-kv5  <- KV5
[225/295] OK  lw-kv55  <- KV55
[226/295] OK  lw-hatshepsut-chapels  <- Mortuary temple of Hatshepsut (shared)
[227/295] OK  lw-senenmut  <- Senenmut
[228/295] OK  lw-mentuhotep-temple  <- Mentuhotep II (shared)
[229/295] OK  lw-tt3-pashedu  <- TT3
[230/295] OK  lw-tt359-inherkhau  <- TT359
[231/295] OK  lw-dem-hathor-temple  <- Deir el-Medina (shared)
[232/295] OK  lw-qv55  <- QV55
[233/295] OK  lw-qv44  <- QV44
[234/295] OK  lw-kom-el-hettan  <- Mortuary Temple of Amenhotep III
[235/295] OK  lw-mh-migdol-gate  <- Medinet Habu (shared)
      429 on en.wikipedia.org, waiting 39s
[236/295] OK  lw-ramesseum  <- Ramesseum
[237/295] OK  lw-tombs-of-nobles  <- Sheikh Abd el-Qurna
[238/295] OK  lw-qurn-and-meretseger  <- Theban Necropolis (shared)
[239/295] OK  nr-kom-ombo-calendar  <- Ancient Egyptian calendar
[240/295] OK  nr-kom-ombo-sanctuaries  <- Temple of Kom Ombo (shared)
[241/295] OK  nr-crocodile-museum  <- Temple of Kom Ombo (shared)
[242/295] --  nr-sobek  no usable lead image for ['Sobek']
[243/295] OK  nr-edfu-mammisi-festivals  <- Temple of Edfu (shared)
[244/295] --  nr-horus  no usable lead image for ['Horus']
[245/295] OK  nr-esna-hymns  <- Temple of Esna (shared)
[246/295] --  nr-khnum  no usable lead image for ['Khnum']
[247/295] OK  siwa-marsa-matruh  <- Marsa Matrouh
[248/295] OK  siwa-bir-wahed  <- Great Sand Sea (shared)
[249/295] OK  siwa-desert-glass  <- Libyan desert glass (shared)
[250/295] OK  siwa-umm-ubayda  <- Siwa Oasis (shared)
[251/295] OK  siwa-tomb-mesu-isis  <- Siwa Oasis (shared)
[252/295] OK  siwa-cleopatra-spring  <- Siwa Oasis (shared)
[253/295] OK  siwa-dakrur  <- Siwa Oasis (shared)
[254/295] OK  siwa-fatnas  <- Siwa Oasis (shared)
[255/295] OK  siwa-salt-lakes  <- Siwa Oasis (shared)
[256/295] OK  asw-khnum-temple-elephantine  <- Elephantine (shared)
[257/295] OK  asw-st-simeon  <- Aswan (shared)
[258/295] OK  asw-kalabsha  <- Temple of Kalabsha
[259/295] OK  asw-old-cataract-agatha  <- Old Cataract Hotel
[260/295] --  bg-khnum-sobek-local  no usable lead image for ['Khnum', 'Min (god)']
[261/295] OK  isl-fishawi  <- El-Fishawy Café
[262/295] OK  isl-gawhara-palace  <- Al-Gawhara Palace
[263/295] OK  isl-joseph-well  <- Cairo Citadel (shared)
[264/295] OK  isl-military-museum  <- Egyptian National Military Museum
[265/295] OK  isl-ibn-tulun  <- Mosque of Ibn Tulun
      429 on en.wikipedia.org, waiting 22s
[266/295] OK  gem-tut-senet  <- Senet
[267/295] OK  gem-tut-sandals  <- Tutankhamun (shared)
[268/295] OK  gem-tut-fans  <- Tutankhamun (shared)
[269/295] OK  gem-tut-linen-clothes  <- Tutankhamun (shared)
[270/295] OK  mp-hesy-ra  <- Hesy-Ra
[271/295] OK  mp-ahhotep-jewellery  <- Ahhotep I
[272/295] OK  giza-seshemnefer-iv  <- Mastaba of Seshemnefer
[273/295] OK  giza-khafre-mortuary-temple  <- Pyramid of Khafre (shared)
[274/295] OK  giza-menkaure-queens  <- Pyramid of Menkaure (shared)
[275/295] OK  giza-sphinx-temple  <- Great Sphinx of Giza (shared)
[276/295] OK  giza-khentkawes  <- Pyramid of Khentkaus I
[277/295] --  le-k-middle-kingdom-court  no usable lead image for ['Precinct of Amun-Re']
[278/295] OK  le-k-opet-temple  <- Karnak (shared)
[279/295] --  le-k-montu-precinct  no usable lead image for ['Precinct of Montu']
[280/295] OK  le-lm-senusret3-and-middle-kingdom  <- Senusret III
[281/295] OK  lw-kv15  <- KV15
[282/295] OK  lw-kv43  <- KV43
      429 on en.wikipedia.org, waiting 37s
[283/295] OK  lw-kv47  <- KV47
[284/295] OK  lw-kv1  <- KV1
[285/295] OK  lw-kv7  <- KV7
[286/295] OK  lw-qv52  <- QV52
[287/295] OK  lw-mh-small-temple  <- Medinet Habu (shared)
[288/295] OK  lw-tt100-rekhmire  <- TT100
[289/295] OK  lw-tt96-sennefer  <- TT96
[290/295] OK  lw-tt55-ramose  <- TT55
[291/295] OK  lw-tt52-nakht-tt69-menna  <- TT52
[292/295] OK  lw-carter-house  <- Howard Carter (shared)
[293/295] OK  lw-seti-i-qurna  <- Mortuary Temple of Seti I
[294/295] OK  siwa-rommel  <- Marsa Matrouh (shared)
      429 on en.wikipedia.org, waiting 37s
[295/295] --  siwa-qattara  no usable lead image for ['Qattara Depression']
done: 258 ok, 37 without image, 13.2 min
