326 entries need a photo (of 340)
[1/326] OK  abs-relocation  <- International Campaign to Save the Monuments of Nubia
[2/326] OK  asw-overview  <- Aswan
[3/326] OK  asw-philae-first-pylon  <- Philae temple complex
[4/326] OK  asw-philae-hypostyle-sanctuary  <- Philae temple complex (shared)
[5/326] OK  asw-philae-hadrian-gate-last-hieroglyphs  <- Philae temple complex (shared)
[6/326] OK  asw-nubia-history  <- Nubia
[7/326] OK  asw-nm-kush-25th  <- Twenty-fifth Dynasty of Egypt (shared)
[8/326] OK  asw-unfinished-obelisk  <- Unfinished obelisk
[9/326] --  bg-timeline  no usable lead image for ['History of ancient Egypt']
[10/326] --  bg-new-kingdom  no usable lead image for ['New Kingdom of Egypt']
[11/326] --  bg-ptolemaic-roman  no usable lead image for ['Ptolemaic Kingdom', 'Egypt (Roman province)']
[12/326] OK  bg-gods-overview  <- Ancient Egyptian deities
[13/326] OK  bg-osiris-myth  <- Osiris myth
[14/326] --  bg-amun  no usable lead image for ['Amun']
[15/326] --  bg-ra  no usable lead image for ['Ra']
[16/326] --  bg-hathor  no usable lead image for ['Hathor']
[17/326] OK  bg-aten-amarna  <- Amarna
[18/326] --  bg-hieroglyphs  no usable lead image for ['Egyptian hieroglyphs']
[19/326] --  bg-cartouche  no usable lead image for ['Cartouche']
[20/326] OK  bg-symbols  <- Was-sceptre
[21/326] OK  bg-eye-of-horus-scarab  <- Scarab (artifact)
[22/326] OK  bg-temple-101  <- Egyptian temple
[23/326] --  bg-tomb-101  no usable lead image for ['Ancient Egyptian funerary texts', 'Amduat']
[24/326] OK  bg-book-of-the-dead  <- Book of the Dead
[25/326] OK  bg-mummification  <- Mummy
[26/326] OK  bg-khufu-khafre-menkaure  <- Khufu
[27/326] OK  bg-hatshepsut  <- Hatshepsut
[28/326] OK  bg-thutmose3-amenhotep3  <- Thutmose III
[29/326] OK  bg-akhenaten-nefertiti  <- Akhenaten
[30/326] --  bg-tutankhamun  no usable lead image for ['Tutankhamun']
[31/326] OK  bg-seti-ramesses2  <- Seti I
[32/326] OK  bg-alexander-ptolemies-cleopatra  <- Cleopatra
[33/326] OK  bg-champollion-rosetta  <- Jean-François Champollion
[34/326] OK  bg-carter-carnarvon-curse  <- Howard Carter
[35/326] OK  bg-nile-inundation-calendar  <- Flooding of the Nile
[36/326] --  bg-art-conventions  no usable lead image for ['Art of ancient Egypt']
[37/326] OK  bg-baksheesh-etiquette  <- Baksheesh
[38/326] OK  isl-overview  <- Islamic Cairo
[39/326] OK  isl-dynasties  <- Cairo
[40/326] OK  isl-khan-el-khalili  <- Khan el-Khalili
[41/326] OK  isl-al-azhar  <- Al-Azhar Mosque
[42/326] --  isl-muizz-street  no usable lead image for ['Al-Muizz Street']
      429 on upload.wikimedia.org, waiting 60s
      429 on upload.wikimedia.org, waiting 60s
      429 on upload.wikimedia.org, waiting 60s
      429 on upload.wikimedia.org, waiting 60s
      429 on upload.wikimedia.org, waiting 60s
      429 on upload.wikimedia.org, waiting 60s
      429 on upload.wikimedia.org, waiting 60s
      429 on upload.wikimedia.org, waiting 60s
[43/326] --  isl-qalawun  no usable lead image for ['Qalawun complex']
      429 on upload.wikimedia.org, waiting 60s
      429 on upload.wikimedia.org, waiting 60s
[44/326] OK  isl-sultan-hassan  <- Mosque-Madrasa of Sultan Hasan
[45/326] OK  isl-citadel  <- Cairo Citadel
[46/326] OK  isl-muhammad-ali-mosque  <- Muhammad Ali Mosque
[47/326] --  gem-overview  no usable lead image for ['Grand Egyptian Museum']
      429 on upload.wikimedia.org, waiting 60s
      429 on upload.wikimedia.org, waiting 60s
