340 clips, 363,981 chars, ~181,990 credits with eleven_flash_v2_5
[1/340] abs-great-temple-facade  650 KB
[2/340] abs-great-temple-hall  597 KB
[3/340] abs-overview  619 KB
[4/340] abs-relocation  651 KB
[5/340] abs-sanctuary-sun  657 KB
[6/340] abs-small-temple  589 KB
[7/340] asw-felucca-first-cataract  637 KB
[8/340] asw-nm-kush-25th  683 KB
[9/340] asw-nubia-history  647 KB
[10/340] asw-nubian-museum  659 KB
[11/340] asw-overview  665 KB
[12/340] asw-philae-first-pylon  676 KB
[13/340] asw-philae-hadrian-gate-last-hieroglyphs  663 KB
[14/340] asw-philae-hypostyle-sanctuary  646 KB
[15/340] asw-philae-overview  667 KB
[16/340] asw-philae-trajan-kiosk  610 KB
[17/340] asw-unfinished-obelisk  600 KB
[18/340] bg-akhenaten-nefertiti  699 KB
[19/340] bg-alexander-ptolemies-cleopatra  695 KB
[20/340] bg-amun  652 KB
[21/340] bg-art-conventions  708 KB
[22/340] bg-aten-amarna  668 KB
[23/340] bg-baksheesh-etiquette  669 KB
[24/340] bg-book-of-the-dead  685 KB
[25/340] bg-carter-carnarvon-curse  728 KB
[26/340] bg-cartouche  669 KB
[27/340] bg-champollion-rosetta  696 KB
[28/340] bg-eye-of-horus-scarab  610 KB
[29/340] bg-gods-overview  671 KB
[30/340] bg-hathor  634 KB
[31/340] bg-hatshepsut  649 KB
[32/340] bg-hieroglyphs  699 KB
[33/340] bg-khufu-khafre-menkaure  631 KB
[34/340] bg-mummification  651 KB
[35/340] bg-new-kingdom  644 KB
[36/340] bg-nile-inundation-calendar  660 KB
[37/340] bg-osiris-myth  655 KB
[38/340] bg-ptolemaic-roman  656 KB
[39/340] bg-ra  644 KB
[40/340] bg-seti-ramesses2  650 KB
[41/340] bg-symbols  665 KB
[42/340] bg-temple-101  598 KB
[43/340] bg-thutmose3-amenhotep3  663 KB
[44/340] bg-timeline  743 KB
[45/340] bg-tomb-101  642 KB
[46/340] bg-tutankhamun  699 KB
[47/340] gem-grand-staircase  662 KB
[48/340] gem-khufu-boat-1  675 KB
[49/340] gem-overview  690 KB
[50/340] gem-ramesses-colossus  687 KB
[51/340] gem-tut-anubis-shrine  634 KB
[52/340] gem-tut-canopic  671 KB
[53/340] gem-tut-coffins  658 KB
[54/340] gem-tut-dagger  692 KB
[55/340] gem-tut-gallery  755 KB
[56/340] gem-tut-guardian-statues  622 KB
[57/340] gem-tut-jewellery  689 KB
[58/340] gem-tut-mask  662 KB
[59/340] gem-tut-shrines  636 KB
[60/340] gem-tut-throne  640 KB
[61/340] giza-great-pyramid  697 KB
[62/340] giza-great-pyramid-interior  645 KB
[63/340] giza-how-built  689 KB
[64/340] giza-khafre-pyramid  655 KB
[65/340] giza-khafre-valley-temple  677 KB
[66/340] giza-menkaure-pyramid  666 KB
[67/340] giza-overview  644 KB
[68/340] giza-sphinx  651 KB
[69/340] giza-workers  636 KB
[70/340] isl-al-azhar  614 KB
[71/340] isl-citadel  593 KB
[72/340] isl-dynasties  719 KB
[73/340] isl-khan-el-khalili  629 KB
[74/340] isl-muhammad-ali-mosque  601 KB
[75/340] isl-muizz-street  578 KB
[76/340] isl-overview  725 KB
[77/340] isl-qalawun  590 KB
[78/340] isl-sultan-hassan  557 KB
[79/340] le-k-akhmenu  660 KB
[80/340] le-k-avenue-rams  689 KB
[81/340] le-k-first-pylon-court  683 KB
[82/340] le-k-hypostyle  682 KB
[83/340] le-k-khonsu-temple  691 KB
[84/340] le-k-obelisks  658 KB
[85/340] le-k-open-air-museum  656 KB
[86/340] le-k-overview  687 KB
[87/340] le-k-ptah-temple-sekhmet  620 KB
[88/340] le-k-red-chapel  653 KB
[89/340] le-k-sacred-lake  652 KB
[90/340] le-k-scarab  655 KB
[91/340] le-k-white-chapel  588 KB
[92/340] le-lm-amenhotep3-sobek  603 KB
[93/340] le-lm-cachette-hall  603 KB
[94/340] le-lm-overview  647 KB
[95/340] le-lm-talatat-wall  637 KB
[96/340] le-lm-thutmose3  667 KB
[97/340] le-lt-abu-haggag  642 KB
[98/340] le-lt-alexander-shrine  672 KB
[99/340] le-lt-colonnade-opet  674 KB
[100/340] le-lt-overview  655 KB
[101/340] le-lt-pylon-obelisk  651 KB
[102/340] le-lt-roman-chapel  672 KB
[103/340] le-lt-sphinx-avenue  706 KB
[104/340] le-opet-festival  655 KB
[105/340] le-overview  693 KB
[106/340] lw-colossi-memnon  690 KB
[107/340] lw-db320-royal-cache  646 KB
[108/340] lw-deir-el-bahari-overview  637 KB
[109/340] lw-deir-el-medina  632 KB
[110/340] lw-dem-strike-ostraca  689 KB
[111/340] lw-hatshepsut-divine-birth  601 KB
[112/340] lw-hatshepsut-punt  605 KB
[113/340] lw-hatshepsut-temple  617 KB
[114/340] lw-kv17  703 KB
[115/340] lw-kv62  708 KB
[116/340] lw-kv9  635 KB
[117/340] lw-medinet-habu-overview  675 KB
[118/340] lw-mh-courts  624 KB
[119/340] lw-mh-harem-conspiracy  674 KB
[120/340] lw-mh-sea-peoples  675 KB
[121/340] lw-overview  627 KB
[122/340] lw-qv66  651 KB
[123/340] lw-tt1-sennedjem  636 KB
[124/340] lw-vok-overview  659 KB
[125/340] lw-voq-overview  671 KB
[126/340] mp-akhenaten-colossi  691 KB
[127/340] mp-amenhotep3-tiye  702 KB
[128/340] mp-khafre-statue  666 KB
[129/340] mp-khufu-statuette  649 KB
[130/340] mp-narmer-palette  667 KB
[131/340] mp-psusennes-gold  694 KB
[132/340] mp-rahotep-nofret  658 KB
[133/340] nr-edfu-horus-seth-drama  595 KB
[134/340] nr-edfu-hypostyle-sanctuary  608 KB
[135/340] nr-edfu-overview  611 KB
[136/340] nr-edfu-pylon-court  576 KB
[137/340] nr-esna-ceiling  639 KB
[138/340] nr-esna-overview  598 KB
[139/340] nr-kom-ombo-overview  591 KB
[140/340] nr-kom-ombo-surgical  592 KB
[141/340] nr-overview  649 KB
[142/340] nr-ptolemaic-temple-101  615 KB
[143/340] siwa-alexander  629 KB
[144/340] siwa-gebel-mawta  613 KB
[145/340] siwa-great-sand-sea  625 KB
[146/340] siwa-lost-army  661 KB
[147/340] siwa-oracle-temple  587 KB
[148/340] siwa-overview  663 KB
[149/340] siwa-shali  588 KB
[150/340] siwa-siwi-culture  622 KB
[151/340] siwa-tomb-si-amun  564 KB
[152/340] abs-lake-nasser  539 KB
[153/340] abs-marriage-stela  538 KB
[154/340] abs-ramesses-nubia  537 KB
[155/340] asw-aga-khan  503 KB
[156/340] asw-botanical-garden  458 KB
[157/340] asw-elephantine  511 KB
[158/340] asw-granite-quarries  529 KB
[159/340] asw-harkhuf  481 KB
[160/340] asw-high-dam  530 KB
[161/340] asw-nilometer  518 KB
[162/340] asw-nm-cgroup-kerma  556 KB
[163/340] asw-nm-christian-islamic  535 KB
[164/340] asw-nm-ethnography  491 KB
[165/340] asw-nm-meroe  533 KB
[166/340] asw-nm-new-kingdom  521 KB
[167/340] asw-nm-prehistory-agroup  512 KB
[168/340] asw-philae-christian-closing  530 KB
[169/340] asw-philae-kiosk-nectanebo-colonnades  507 KB
[170/340] asw-philae-relocation  515 KB
[171/340] asw-qubbet-el-hawa  515 KB
[172/340] asw-souq-nubian-village  525 KB
[173/340] bg-anubis-thoth  485 KB
[174/340] bg-belzoni-mariette  534 KB
[175/340] bg-bes-taweret  500 KB
[176/340] bg-crowns-regalia  513 KB
[177/340] bg-daily-life  485 KB
[178/340] bg-festivals  528 KB
[179/340] bg-greek-egypt-links  536 KB
[180/340] bg-horus-set  527 KB
[181/340] bg-isis  470 KB
[182/340] bg-maat-nut-geb  509 KB
