100 clips, 1,139 chars, ~1,139 credits with eleven_v3
[1/100] hello__anyany.mp3
[2/100] hello-formal__anyany.mp3
[3/100] good-morning__anyany.mp3
[4/100] good-evening__anyany.mp3
[5/100] how-are-you__anym.mp3
[6/100] how-are-you__anyf.mp3
[7/100] im-fine__many.mp3
[8/100] im-fine__fany.mp3
[9/100] thanks__anyany.mp3
[10/100] thanks-a-lot__many.mp3
[11/100] thanks-a-lot__fany.mp3
[12/100] youre-welcome__anyany.mp3
[13/100] please__anym.mp3
[14/100] please__anyf.mp3
[15/100] please-kindly__anym.mp3
[16/100] please-kindly__anyf.mp3
[17/100] excuse-me-passing__anym.mp3
[18/100] excuse-me-passing__anyf.mp3
[19/100] sorry__many.mp3
[20/100] sorry__fany.mp3
[21/100] goodbye__anyany.mp3
[22/100] nice-to-meet__anyany.mp3
[23/100] my-name-is__anyany.mp3
[24/100] im-from-greece__anyany.mp3
[25/100] yes__anyany.mp3
[26/100] no__anyany.mp3
[27/100] ok__anyany.mp3
[28/100] khalas__anyany.mp3
[29/100] yalla__anyany.mp3
[30/100] no-problem__anyany.mp3
[31/100] dont-understand__many.mp3
[32/100] dont-understand__fany.mp3
[33/100] speak-english__anym.mp3
[34/100] speak-english__anyf.mp3
[35/100] how-much__anyany.mp3
[36/100] too-expensive__anyany.mp3
[37/100] cheaper__anyany.mp3
[38/100] final-price__anyany.mp3
[39/100] just-looking__many.mp3
[40/100] just-looking__fany.mp3
[41/100] dont-want__many.mp3
[42/100] dont-want__fany.mp3
[43/100] no-thanks__anyany.mp3
[44/100] no-change__anyany.mp3
[45/100] pay-by-card__anyany.mp3
[46/100] the-bill__anym.mp3
[47/100] the-bill__anyf.mp3
[48/100] this-is-for-you__anym.mp3
[49/100] this-is-for-you__anyf.mp3
[50/100] no-guide__many.mp3
[51/100] no-guide__fany.mp3
[52/100] we-are-fine__anyany.mp3
[53/100] i-know-the-way__many.mp3
[54/100] i-know-the-way__fany.mp3
[55/100] god-provide__anym.mp3
[56/100] god-provide__anyf.mp3
[57/100] god-make-easy__anym.mp3
[58/100] god-make-easy__anyf.mp3
[59/100] leave-me-please__anym.mp3
[60/100] leave-me-please__anyf.mp3
[61/100] where-is__anyany.mp3
[62/100] where-toilet__anyany.mp3
[63/100] directions__anyany.mp3
[64/100] stop-here__anyany.mp3
[65/100] meter__anyany.mp3
[66/100] how-much-to__anyany.mp3
[67/100] slow-down__anym.mp3
[68/100] slow-down__anyf.mp3
[69/100] far-near__anyany.mp3
[70/100] places__anyany.mp3
[71/100] ticket-entrance__anyany.mp3
[72/100] water__anyany.mp3
[73/100] tea-coffee__anyany.mp3
[74/100] no-sugar__anyany.mp3
[75/100] delicious__anyany.mp3
[76/100] not-spicy__anyany.mp3
[77/100] vegetarian__many.mp3
[78/100] vegetarian__fany.mp3
[79/100] must-try__anyany.mp3
[80/100] help__anym.mp3
[81/100] help__anyf.mp3
[82/100] doctor-pharmacy__anyany.mp3
[83/100] im-sick__many.mp3
[84/100] im-sick__fany.mp3
[85/100] police__anyany.mp3
[86/100] what-time__anyany.mp3
[87/100] time-words__anyany.mp3
[88/100] egypt-beautiful__anyany.mp3
[89/100] nawwart-reply__anym.mp3
[90/100] nawwart-reply__anyf.mp3
[91/100] bless-hands__anym.mp3
[92/100] bless-hands__anyf.mp3
[93/100] inshallah__anyany.mp3
[94/100] hamdulillah__anyany.mp3
[95/100] ramadan-eid__anyany.mp3
[96/100] numbers-1-5__anyany.mp3
[97/100] numbers-6-10__anyany.mp3
[98/100] numbers-big__anyany.mp3
[99/100] pounds__anyany.mp3
[100/100] baksheesh__anyany.mp3
